// Jest Snapshot v1, https://goo.gl/fbAQLP

exports[`Inheritance config 1`] = `
Snapshot Diff:
- First value
+ Second value

@@ -1,7 +1,9 @@
  Object {
    "env": Object {
+     "jest": true,
+     "jest/globals": true,
      "node": true,
    },
    "globals": Object {},
    "parser": null,
    "parserOptions": Object {
@@ -9,8 +11,9 @@
    },
    "plugins": Array [
      "simple-import-sort",
      "@superdispatch",
      "import",
+     "jest",
    ],
    "settings": Object {},
  }
`;

exports[`Inheritance dev rules 1`] = `
Snapshot Diff:
Compared values have no visual difference.
`;

exports[`Inheritance rules 1`] = `
Snapshot Diff:
- First value
+ Second value

@@ --- --- @@
    ],
+   "import/no-extraneous-dependencies": Array [
+     "error",
+     Object {
+       "devDependencies": true,
+       "peerDependencies": true,
+     },
+   ],
    "import/no-mutable-exports": Array [
@@ --- --- @@
      "off",
+   ],
+   "jest/no-alias-methods": Array [
+     "error",
+   ],
+   "jest/no-disabled-tests": Array [
+     "error",
+   ],
+   "jest/no-focused-tests": Array [
+     "error",
+   ],
+   "jest/no-identical-title": Array [
+     "error",
+   ],
+   "jest/no-jasmine-globals": Array [
+     "error",
+   ],
+   "jest/no-jest-import": Array [
+     "error",
+   ],
+   "jest/no-test-prefixes": Array [
+     "error",
+   ],
+   "jest/prefer-to-be-null": Array [
+     "error",
+   ],
+   "jest/prefer-to-be-undefined": Array [
+     "error",
+   ],
+   "jest/prefer-to-contain": Array [
+     "error",
+   ],
+   "jest/prefer-to-have-length": Array [
+     "error",
+   ],
+   "jest/valid-describe": Array [
+     "error",
+   ],
+   "jest/valid-expect": Array [
+     "error",
+   ],
+   "jest/valid-expect-in-promise": Array [
+     "error",
    ],
`;
